Thu May 19 10:57:41 EDT 2022
;$PRED
;double KG = TVKG * exp(ETA(1));
;double KS0 = TVKS0 * exp(ETA(2));
;double GAMMA = TVGAMMA * exp(ETA(3));
;double BASE=TVBASE * exp(ETA(4));
;double RESP_0=BASE;
;double KS = KS0*exp(-GAMMA * TIME);
;double RESP = RESP_0 *exp((KG*TIME)-(KS0*log(DOSE)/GAMMA)*(1-exp(-GAMMA*TIME)));
$PROBLEM    RUN# c001
$INPUT      C ID TIME DOSE CMT EVID MDV DV
$DATA      claret001.csv IGNORE=C
$PRED
KG = 0.6;
KS0 = 0.4;
GAMMA=0.8;
BASE=70;
RESP_0 = BASE;

KS = KS0 *EXP( -GAMMA * TIME);
RESP = RESP_0 * EXP((KG*TIME) - (KS0 * LOG(DOSE)/GAMMA) * (1-EXP(-GAMMA*TIME)))

IPRED=RESP;
Y=IPRED+ERR(1);

$THETA  0 FIX
$OMEGA  0.0  FIX
 0.0  FIX
 0.0  FIX
$SIGMA  0.00  FIX
$TABLE      FILE=TAB ID TIME Y NOPRINT ONEHEADER NOAPPEND
$SIMULATION (2674474) ONLYSIMULATION


NM-TRAN MESSAGES
  
 WARNINGS AND ERRORS (IF ANY) FOR PROBLEM    1
             
 (WARNING  2) NM-TRAN INFERS THAT THE DATA ARE POPULATION.
             
 (WARNING  46) ETA VARIABLES ARE NOT USED, BUT DATA ARE POPULATION TYPE.

License Registered to: Metrum Research Group (with RADAR5NM)
Expiration Date:    14 JUL 2022
Current Date:       19 MAY 2022
Days until program expires :  55
1NONLINEAR MIXED EFFECTS MODEL PROGRAM (NONMEM) VERSION 7.5.0
 ORIGINALLY DEVELOPED BY STUART BEAL, LEWIS SHEINER, AND ALISON BOECKMANN
 CURRENT DEVELOPERS ARE ROBERT BAUER, ICON DEVELOPMENT SOLUTIONS,
 AND ALISON BOECKMANN. IMPLEMENTATION, EFFICIENCY, AND STANDARDIZATION
 PERFORMED BY NOUS INFOSYSTEMS.

 PROBLEM NO.:         1
 RUN# c001
0DATA CHECKOUT RUN:              NO
 DATA SET LOCATED ON UNIT NO.:    2
 THIS UNIT TO BE REWOUND:        NO
 NO. OF DATA RECS IN DATA SET:       11
 NO. OF DATA ITEMS IN DATA SET:   8
 ID DATA ITEM IS DATA ITEM NO.:   2
 DEP VARIABLE IS DATA ITEM NO.:   8
 MDV DATA ITEM IS DATA ITEM NO.:  7
0LABELS FOR DATA ITEMS:
 C ID TIME DOSE CMT EVID MDV DV
0(NONBLANK) LABELS FOR PRED-DEFINED ITEMS:
 Y
0FORMAT FOR DATA:
 (8E4.0)

 TOT. NO. OF OBS RECS:        0
 TOT. NO. OF INDIVIDUALS:        1
0LENGTH OF THETA:   1
0DEFAULT THETA BOUNDARY TEST OMITTED:    NO
0OMEGA HAS SIMPLE DIAGONAL FORM WITH DIMENSION:   3
0DEFAULT OMEGA BOUNDARY TEST OMITTED:    NO
0SIGMA HAS SIMPLE DIAGONAL FORM WITH DIMENSION:   1
0DEFAULT SIGMA BOUNDARY TEST OMITTED:    NO
0INITIAL ESTIMATE OF THETA:
 LOWER BOUND    INITIAL EST    UPPER BOUND
  0.0000E+00     0.0000E+00     0.0000E+00
0INITIAL ESTIMATE OF OMEGA:
 0.0000E+00
 0.0000E+00   0.0000E+00
 0.0000E+00   0.0000E+00   0.0000E+00
0OMEGA CONSTRAINED TO BE THIS INITIAL ESTIMATE
0INITIAL ESTIMATE OF SIGMA:
 0.0000E+00
0SIGMA CONSTRAINED TO BE THIS INITIAL ESTIMATE
0SIMULATION STEP OMITTED:    NO
 OBJ FUNC EVALUATED:         NO
 ORIGINAL DATA USED ON EACH NEW SIMULATION:         NO
 SEEDS RESET ON EACH NEW SUPERSET ITERATION:        YES
0SIMULATION RANDOM METHOD SELECTED (RANMETHOD): 4U
SEED   1 RESET TO INITIAL: YES
 SOURCE   1:
   SEED1:       2674474   SEED2:             0   PSEUDO-NORMAL
0TABLES STEP OMITTED:    NO
 NO. OF TABLES:           1
 SEED NUMBER (SEED):    11456
 RANMETHOD:             3U
 MC SAMPLES (ESAMPLE):    300
 WRES SQUARE ROOT TYPE (WRESCHOL): EIGENVALUE
0-- TABLE   1 --
0RECORDS ONLY:    ALL
04 COLUMNS APPENDED:    NO
 PRINTED:                NO
 HEADER:                YES
 FILE TO BE FORWARDED:   NO
 FORMAT:                S1PE11.4
 IDFORMAT:
 LFORMAT:
 RFORMAT:
 FIXED_EFFECT_ETAS:
0USER-CHOSEN ITEMS:
 ID TIME Y
1
 SIMULATION STEP PERFORMED
 SOURCE  1:
    SEED1:     452540994   SEED2:             0
 Elapsed simulation  time in seconds:     0.00
 ESTIMATION STEP OMITTED:                 YES
 Elapsed finaloutput time in seconds:     0.00
 #CPUT: Total CPU Time in Seconds,        0.004
Stop Time:
Thu May 19 10:57:42 EDT 2022
